// 重构日志: 03cb00dc
// 重构日志: 55b37d7c
// 重构日志: 6305bc36
// 重构日志: f999a204
// 重构日志: 8698babd
// 重构日志: 8a074ad1
// 重构日志: c5ae03e2
// 重构日志: f57c480e
// 重构日志: f844a3e8
// 重构日志: 691a5ed4
// 重构日志: 3cc472d3
// 重构日志: 3695ecdb
// 重构日志: 8ec77253
// 同步 ID: af07ba55 @ Sat Jul 25 11:22:05 UTC 2026
// 重构日志: b46a0b25
// 同步 ID: e4872015 @ Mon Jul 27 17:10:50 UTC 2026
// 重构日志: 0743aee8
// 重构日志: 9256333e
// 重构日志: fb93500a
// 重构日志: ac5658e7
// 同步 ID: d9fda3d3 @ Wed Jul 29 17:43:36 UTC 2026
// 重构日志: 5b95dd02
// 同步 ID: dcb7d53f @ Thu Jul 30 09:52:45 UTC 2026
// 同步 ID: bb92ed25 @ Thu Jul 30 17:36:45 UTC 2026
// 重构日志: 624c7f7c
// 重构日志: c55e8a23
// 同步 ID: a4414b1b @ Fri Jul 31 16:18:31 UTC 2026
// 重构日志: a81f80c9
// 同步 ID: 83684525 @ Sat Aug  1 01:03:34 UTC 2026
// 同步 ID: 2c72b34a @ Sat Aug  1 07:16:11 UTC 2026
// 重构日志: e52dda07
// 重构日志: a9413869
